
  .   ____          _            __ _ _
 /\\ / ___'_ __ _ _(_)_ __  __ _ \ \ \ \
( ( )\___ | '_ | '_| | '_ \/ _` | \ \ \ \
 \\/  ___)| |_)| | | | | || (_| |  ) ) ) )
  '  |____| .__|_| |_|_| |_\__, | / / / /
 =========|_|==============|___/=/_/_/_/

 :: Spring Boot ::                (v3.5.6)

2026-09-18T02:00:06.250+02:00  INFO 14648 --- [TaxCalculator] [           main] com.automark.AutoMarkApplication         : Starting AutoMarkApplication v0.0.1-SNAPSHOT using Java 21.0.11 with PID 14648 (C:\Users\jovan\projects\TaxCalculator\backend\target\tax-calculator-api-0.0.1-SNAPSHOT.jar started by jovan in C:\Users\jovan\projects\TaxCalculator\backend)
2026-09-18T02:00:06.255+02:00  INFO 14648 --- [TaxCalculator] [           main] com.automark.AutoMarkApplication         : No active profile set, falling back to 1 default profile: "default"
2026-09-18T02:00:07.515+02:00  INFO 14648 --- [TaxCalculator] [           main] .s.d.r.c.RepositoryConfigurationDelegate : Bootstrapping Spring Data JPA repositories in DEFAULT mode.
2026-09-18T02:00:07.598+02:00  INFO 14648 --- [TaxCalculator] [           main] .s.d.r.c.RepositoryConfigurationDelegate : Finished Spring Data repository scanning in 69 ms. Found 7 JPA repository interfaces.
2026-09-18T02:00:08.489+02:00  INFO 14648 --- [TaxCalculator] [           main] o.s.b.w.embedded.tomcat.TomcatWebServer  : Tomcat initialized with port 8080 (http)
2026-09-18T02:00:08.509+02:00  INFO 14648 --- [TaxCalculator] [           main] o.apache.catalina.core.StandardService   : Starting service [Tomcat]
2026-09-18T02:00:08.509+02:00  INFO 14648 --- [TaxCalculator] [           main] o.apache.catalina.core.StandardEngine    : Starting Servlet engine: [Apache Tomcat/10.1.46]
2026-09-18T02:00:08.558+02:00  INFO 14648 --- [TaxCalculator] [           main] o.a.c.c.C.[Tomcat].[localhost].[/]       : Initializing Spring embedded WebApplicationContext
2026-09-18T02:00:08.560+02:00  INFO 14648 --- [TaxCalculator] [           main] w.s.c.ServletWebServerApplicationContext : Root WebApplicationContext: initialization completed in 2244 ms
2026-09-18T02:00:08.986+02:00  INFO 14648 --- [TaxCalculator] [           main] com.zaxxer.hikari.HikariDataSource       : HikariPool-1 - Starting...
2026-09-18T02:00:09.239+02:00  INFO 14648 --- [TaxCalculator] [           main] com.zaxxer.hikari.pool.HikariPool        : HikariPool-1 - Added connection org.postgresql.jdbc.PgConnection@6cc64028
2026-09-18T02:00:09.242+02:00  INFO 14648 --- [TaxCalculator] [           main] com.zaxxer.hikari.HikariDataSource       : HikariPool-1 - Start completed.
2026-09-18T02:00:09.285+02:00  INFO 14648 --- [TaxCalculator] [           main] org.flywaydb.core.FlywayExecutor         : Database: jdbc:postgresql://localhost:5432/automark (PostgreSQL 16.15)
2026-09-18T02:00:09.402+02:00  INFO 14648 --- [TaxCalculator] [           main] o.f.core.internal.command.DbValidate     : Successfully validated 2 migrations (execution time 00:00.067s)
2026-09-18T02:00:09.451+02:00  INFO 14648 --- [TaxCalculator] [           main] o.f.core.internal.command.DbMigrate      : Current version of schema "public": 2
2026-09-18T02:00:09.458+02:00  INFO 14648 --- [TaxCalculator] [           main] o.f.core.internal.command.DbMigrate      : Schema "public" is up to date. No migration necessary.
2026-09-18T02:00:09.601+02:00  INFO 14648 --- [TaxCalculator] [           main] o.hibernate.jpa.internal.util.LogHelper  : HHH000204: Processing PersistenceUnitInfo [name: default]
2026-09-18T02:00:09.686+02:00  INFO 14648 --- [TaxCalculator] [           main] org.hibernate.Version                    : HHH000412: Hibernate ORM core version 6.6.29.Final
2026-09-18T02:00:09.746+02:00  INFO 14648 --- [TaxCalculator] [           main] o.h.c.internal.RegionFactoryInitiator    : HHH000026: Second-level cache disabled
2026-09-18T02:00:10.215+02:00  INFO 14648 --- [TaxCalculator] [           main] o.s.o.j.p.SpringPersistenceUnitInfo      : No LoadTimeWeaver setup: ignoring JPA class transformer
2026-09-18T02:00:10.333+02:00  INFO 14648 --- [TaxCalculator] [           main] org.hibernate.orm.connections.pooling    : HHH10001005: Database info:
	Database JDBC URL [Connecting through datasource 'HikariDataSource (HikariPool-1)']
	Database driver: undefined/unknown
	Database version: 16.15
	Autocommit mode: undefined/unknown
	Isolation level: undefined/unknown
	Minimum pool size: undefined/unknown
	Maximum pool size: undefined/unknown
2026-09-18T02:00:11.368+02:00  INFO 14648 --- [TaxCalculator] [           main] o.h.e.t.j.p.i.JtaPlatformInitiator       : HHH000489: No JTA platform available (set 'hibernate.transaction.jta.platform' to enable JTA platform integration)
2026-09-18T02:00:11.417+02:00  INFO 14648 --- [TaxCalculator] [           main] j.LocalContainerEntityManagerFactoryBean : Initialized JPA EntityManagerFactory for persistence unit 'default'
2026-09-18T02:00:12.586+02:00  INFO 14648 --- [TaxCalculator] [           main] o.s.d.j.r.query.QueryEnhancerFactory     : Hibernate is in classpath; If applicable, HQL parser will be used.
2026-09-18T02:00:13.218+02:00  INFO 14648 --- [TaxCalculator] [           main] o.s.b.w.embedded.tomcat.TomcatWebServer  : Tomcat started on port 8080 (http) with context path '/'
2026-09-18T02:00:13.234+02:00  INFO 14648 --- [TaxCalculator] [           main] com.automark.AutoMarkApplication         : Started AutoMarkApplication in 7.683 seconds (process running for 8.456)
2026-09-18T02:00:14.090+02:00  INFO 14648 --- [TaxCalculator] [nio-8080-exec-1] o.a.c.c.C.[Tomcat].[localhost].[/]       : Initializing Spring DispatcherServlet 'dispatcherServlet'
2026-09-18T02:00:14.090+02:00  INFO 14648 --- [TaxCalculator] [nio-8080-exec-1] o.s.web.servlet.DispatcherServlet        : Initializing Servlet 'dispatcherServlet'
2026-09-18T02:00:14.092+02:00  INFO 14648 --- [TaxCalculator] [nio-8080-exec-1] o.s.web.servlet.DispatcherServlet        : Completed initialization in 1 ms
